// Jest Snapshot v1, https://goo.gl/fbAQLP

exports[`theme/navigation/Header test theme/navigation/Header should match snapshot 1`] = `
<header>
  <div
    className="header-area bg-white"
  >
    <div
      className="main-header"
    >
      <div
        className="header-mid d-none d-md-block"
      >
        <div
          className="container fluid"
        >
          <div
            className="row mx-0"
          >
            <div
              className="col-12 d-flex justify-content-center"
            >
              <img
                alt=""
                className="img-fluid"
                src="logo.png"
              />
            </div>
          </div>
        </div>
      </div>
      <div
        className="header-bottom header-sticky"
      >
        <div
          className="container fluid px-0"
        >
          <div
            className="row mx-0"
          >
            <div
              className="col-2 d-block d-md-none d-lg-none d-xl-none"
            >
              <div
                aria-controls="navbars"
                aria-expanded="false"
                aria-label="Toggle navigation"
                className="text-primary w-100 h-100 d-flex justify-content-center align-items-center navbar-toggler"
                data-target="#navbarContent"
                data-toggle="collapse"
                style={
                  Object {
                    "fontSize": "130%",
                  }
                }
              >
                <span
                  className="fa fa-bars"
                />
              </div>
            </div>
            <div
              className="col-8 col-lg-10 col-md-12 header-flex"
            >
              <div
                className="row mx-0"
              >
                <div
                  className="col-12 d-block d-md-none d-lg-none d-xl-none px-0"
                >
                  <a
                    className="w-100"
                    href="/"
                    onClick={[Function]}
                  >
                    <img
                      alt=""
                      className="img-fluid my-1"
                      src="logo.png"
                    />
                  </a>
                </div>
                <div
                  className="col-12 d-none d-md-block d-lg-block d-xl-block px-0"
                >
                  <div
                    className="main-menu d-none d-md-block"
                  >
                    <nav>
                      <ul
                        id="navigation"
                      >
                        <li>
                          <a
                            href="/"
                            onClick={[Function]}
                          >
                            Home
                          </a>
                        </li>
                        <li>
                          <a
                            href="/page"
                            onClick={[Function]}
                          >
                            Page 1
                          </a>
                        </li>
                        <li>
                          <a
                            href="/page"
                            onClick={[Function]}
                          >
                            Page 2
                          </a>
                        </li>
                        <li>
                          <a
                            href="/page"
                            onClick={[Function]}
                          >
                            Page 3
                          </a>
                        </li>
                        <li>
                          <a
                            href="/page"
                            onClick={[Function]}
                          >
                            Page 4
                          </a>
                        </li>
                      </ul>
                    </nav>
                  </div>
                </div>
              </div>
            </div>
            <div
              className="col-2 col-lg-2 col-md-4 d-flex align-items-center justify-content-end"
            >
              <div
                className="header-right-btn f-right"
              >
                <i
                  className="fas fa-search special-tag"
                />
                <div
                  className="search-box"
                >
                  <form>
                    <input
                      placeholder="Search"
                      type="text"
                    />
                  </form>
                </div>
              </div>
            </div>
            <div
              className="col-12 d-block d-md-none d-lg-none d-xl-none px-0"
            >
              <div
                className="position-absolute"
                style={
                  Object {
                    "left": "0px",
                    "right": "0px",
                  }
                }
              >
                <nav
                  className="navbar navbar-expand-lg navbar-light bg-white p-0 shadow-sm"
                >
                  <div
                    className="collapse navbar-collapse mobile-menu"
                    id="navbarContent"
                  >
                    <ul
                      className="navbar-nav mx-auto px-2"
                    >
                      <li
                        className="nav-item"
                      >
                        <a
                          className="nav-link"
                          data-target="#navbarContent"
                          data-toggle="collapse"
                          href="/"
                          onClick={[Function]}
                        >
                          Home
                        </a>
                      </li>
                      <li
                        className="nav-item"
                      >
                        <a
                          className="nav-link"
                          data-target="#navbarContent"
                          data-toggle="collapse"
                          href="/page"
                          onClick={[Function]}
                        >
                          Page 1
                        </a>
                      </li>
                      <li
                        className="nav-item"
                      >
                        <a
                          className="nav-link"
                          data-target="#navbarContent"
                          data-toggle="collapse"
                          href="/page"
                          onClick={[Function]}
                        >
                          Page 2
                        </a>
                      </li>
                      <li
                        className="nav-item"
                      >
                        <a
                          className="nav-link"
                          data-target="#navbarContent"
                          data-toggle="collapse"
                          href="/page"
                          onClick={[Function]}
                        >
                          Page 3
                        </a>
                      </li>
                      <li
                        className="nav-item"
                      >
                        <a
                          className="nav-link"
                          data-target="#navbarContent"
                          data-toggle="collapse"
                          href="/page"
                          onClick={[Function]}
                        >
                          Page 4
                        </a>
                      </li>
                    </ul>
                  </div>
                </nav>
              </div>
            </div>
          </div>
        </div>
      </div>
    </div>
  </div>
</header>
`;
