// Jest Snapshot v1, https://goo.gl/fbAQLP

exports[`pages/ArticleDetails test pages/ArticleDetails should match snapshot 1`] = `null`;
