// Jest Snapshot v1, https://goo.gl/fbAQLP

exports[`pages/ErrorPage test pages/ErrorPage should match snapshot 1`] = `
<div
  className="container-fluid animated fadeIn"
>
  <div
    className="row mx-0 w-100"
  >
    <div
      className="col-12 d-flex-justify-content-center"
    >
      <h4>
         Page Not Found
      </h4>
    </div>
  </div>
</div>
`;
